// Jest Snapshot v1, https://goo.gl/fbAQLP

exports[`DocuScraper UI <App/> it matches snapshot 1`] = `
<div
  className="scraper_landing"
  onClick={[Function]}
>
  <div
    className="scraper_landing-logo"
  >
    <img
      src="https://res.cloudinary.com/darp0mj9i/image/upload/v1681251277/Screen_Shot_2023-04-11_at_17.07.44_haqpxe.jpg"
      style={
        Object {
          "borderRadius": "50%",
          "height": "40vh",
        }
      }
    />
    <h1
      style={
        Object {
          "color": "#ffce30",
        }
      }
    >
      DocuScraper
    </h1>
  </div>
</div>
`;

exports[`DocuScraper UI <Component/> it matches snapshot 1`] = `
<div>
  COMPONENT
</div>
`;

exports[`DocuScraper UI <Landing/> it matches snapshot 1`] = `
<div
  className="scraper_landing"
  onClick={[Function]}
>
  <div
    className="scraper_landing-logo"
  >
    <img
      src="https://res.cloudinary.com/darp0mj9i/image/upload/v1681251277/Screen_Shot_2023-04-11_at_17.07.44_haqpxe.jpg"
      style={
        Object {
          "borderRadius": "50%",
          "height": "40vh",
        }
      }
    />
    <h1
      style={
        Object {
          "color": "#ffce30",
        }
      }
    >
      DocuScraper
    </h1>
  </div>
</div>
`;

exports[`DocuScraper UI <Options/> it matches snapshot 1`] = `
<div
  className="scraper_options-closed"
>
  Options
</div>
`;
